[mywedding-exsy.exsythemes.com/v1_default/index.html]
[mywedding-exsy.exsythemes.com/v1_default/static/img/favicon.png]
[mywedding-exsy.exsythemes.com/v1_default/static/css/fontello-icon.css]
[mywedding-exsy.exsythemes.com/v1_default/static/css/linea-icon.css]
[mywedding-exsy.exsythemes.com/v1_default/static/css/bootstrap.min.css]
[mywedding-exsy.exsythemes.com/v1_default/static/css/simplelightbox.min.css]
[mywedding-exsy.exsythemes.com/v1_default/static/css/animate.css]
[mywedding-exsy.exsythemes.com/v1_default/static/css/flipclock.css]
[mywedding-exsy.exsythemes.com/v1_default/static/css/main.css]
[backblue.gif]
[fade.gif]
[index.html]
[mywedding-exsy.exsythemes.com/v1_default/static/img/logo.png]
[mywedding-exsy.exsythemes.com/v1_default/static/img/girl.jpg]
[mywedding-exsy.exsythemes.com/v1_default/static/img/boy.jpg]
[mywedding-exsy.exsythemes.com/v1_default/static/img/gallery/store-1.jpg]
[mywedding-exsy.exsythemes.com/v1_default/static/img/gallery/store-2.jpg]
[mywedding-exsy.exsythemes.com/v1_default/static/img/gallery/store-3.jpg]
[mywedding-exsy.exsythemes.com/v1_default/static/img/gallery/store-4.jpg]
[mywedding-exsy.exsythemes.com/v1_default/static/img/gallery/gallery-img1.jpg]
[mywedding-exsy.exsythemes.com/v1_default/static/img/gallery/gallery-img2.jpg]
[mywedding-exsy.exsythemes.com/v1_default/static/img/gallery/gallery-img3.jpg]
[mywedding-exsy.exsythemes.com/v1_default/static/img/gallery/gallery-img4.jpg]
[mywedding-exsy.exsythemes.com/v1_default/static/img/gallery/gallery-img5.jpg]
[mywedding-exsy.exsythemes.com/v1_default/static/img/gallery/gallery-img6.jpg]
[mywedding-exsy.exsythemes.com/v1_default/static/js/jquery-3.1.1.min.js]
[mywedding-exsy.exsythemes.com/v1_default/static/js/bootstrap.min.js]
[mywedding-exsy.exsythemes.com/v1_default/static/js/jquery.arctext.js]
[mywedding-exsy.exsythemes.com/v1_default/static/js/flipclock.js]
[mywedding-exsy.exsythemes.com/v1_default/static/js/simple-lightbox.min.js]
[mywedding-exsy.exsythemes.com/v1_default/static/js/infobox.min.js]
[mywedding-exsy.exsythemes.com/v1_default/static/js/main.js]
[mywedding-exsy.exsythemes.com/v1_default/static/js/switcher/cookie.js]
[mywedding-exsy.exsythemes.com/v1_default/static/js/switcher/colorswitcher.js]
[mywedding-exsy.exsythemes.com/v1_default/index.html]
[mc.yandex.ru/metrika/watch.js]
[mywedding-exsy.exsythemes.com/v1_default/static/font/fontello8032.eot]
[mywedding-exsy.exsythemes.com/v1_default/static/font/fontello8032.woff2]
[mywedding-exsy.exsythemes.com/v1_default/static/font/fontello8032.woff]
[mywedding-exsy.exsythemes.com/v1_default/static/font/fontello8032.ttf]
[mywedding-exsy.exsythemes.com/v1_default/static/css/fontello-icon.css]
[mywedding-exsy.exsythemes.com/v1_default/static/font/fontello8032.svg]
[mywedding-exsy.exsythemes.com/v1_default/static/font/linea-arrows-10.eot]
[mywedding-exsy.exsythemes.com/v1_default/static/font/linea-arrows-10d41d.eot]
[mywedding-exsy.exsythemes.com/v1_default/static/font/linea-arrows-10.woff]
[mywedding-exsy.exsythemes.com/v1_default/static/font/linea-arrows-10.ttf]
[mywedding-exsy.exsythemes.com/v1_default/static/css/linea-icon.css]
[mywedding-exsy.exsythemes.com/v1_default/static/font/linea-arrows-10.svg]
[mywedding-exsy.exsythemes.com/v1_default/static/css/bootstrap.min.css]
[mywedding-exsy.exsythemes.com/v1_default/static/css/simplelightbox.min.css]
[mywedding-exsy.exsythemes.com/v1_default/static/css/animate.css]
[mywedding-exsy.exsythemes.com/v1_default/static/css/flipclock.css]
[mywedding-exsy.exsythemes.com/v1_default/static/img/bg-img-2.jpg]
[mywedding-exsy.exsythemes.com/v1_default/static/img/swirl-left.png]
[mywedding-exsy.exsythemes.com/v1_default/static/img/swirl-right.png]
[mywedding-exsy.exsythemes.com/v1_default/static/img/section-title-bg.png]
[mywedding-exsy.exsythemes.com/v1_default/static/css/main.css]
[mywedding-exsy.exsythemes.com/v1_default/static/css/color-1.css]
[mywedding-exsy.exsythemes.com/v1_default/static/font/fontello8032.svg]
[mywedding-exsy.exsythemes.com/v1_default/static/font/linea-arrows-10.svg]
[mywedding-exsy.exsythemes.com/v1_default/static/fonts/glyphicons-halflings-regular.html]
[mywedding-exsy.exsythemes.com/v1_default/static/fonts/glyphicons-halflings-regulard41d.html]
[mywedding-exsy.exsythemes.com/v1_default/static/fonts/glyphicons-halflings-regular-2.html]
[mywedding-exsy.exsythemes.com/v1_default/static/fonts/glyphicons-halflings-regular-3.html]
[mywedding-exsy.exsythemes.com/v1_default/static/fonts/glyphicons-halflings-regular-4.html]
[mywedding-exsy.exsythemes.com/v1_default/static/fonts/glyphicons-halflings-regular-5.html]
